IQ-TREE multicore version 2.4.0 for Linux x86 64-bit built Feb 12 2025
Developed by Bui Quang Minh, Nguyen Lam Tung, Olga Chernomor, Heiko Schmidt,
Dominik Schrempf, Michael Woodhams, Ly Trong Nhan, Thomas Wong

Host:    dongfei (AVX512, FMA3, 503 GB RAM)
Command: iqtree2 -t species_tree_ROOTED.tre --gcf all_gene_trees_ROOTED.tre -pre iqtree_gcf_scf --cf-quartet --cf-verbose -nt 8
Seed:    308018 (Using SPRNG - Scalable Parallel Random Number Generator)
Time:    Mon May 18 00:28:35 2026
Kernel:  AVX+FMA - 8 threads (144 CPU cores detected)

Reading tree species_tree_ROOTED.tre ...
rooted tree with 110 taxa and 219 branches
Reading tree(s) file all_gene_trees_ROOTED.tre ...
160 tree(s) loaded (160 rooted and 0 unrooted)
Trees have different number of taxa
Computing gene concordance factor...
0.159 sec
Tree with concordance factors written to iqtree_gcf_scf.cf.tree
Annotated tree (best viewed in FigTree) written to iqtree_gcf_scf.cf.tree.nex
Tree with branch IDs written to iqtree_gcf_scf.cf.branch
Concordance factors per branch printed to iqtree_gcf_scf.cf.stat
Site concordance factors for quartets printed to iqtree_gcf_scf.cf.quartet
WARNING: You probably want the --scfl option. The site concordance factor
 implemented with the --scf option is based on parsimony (described here:
 https://doi.org/10.1093/molbev/msaa106). It has since been superseded by a more
 accurate likelihood-based approach which is implemented in the --scfl option, and
 is described in the paper "Updated site concordance factors minimize effects of
 homoplasy and taxon sampling" by Yu et al.. Please see the tutorial here for more
 information: http://www.iqtree.org/doc/Concordance-Factor
Concordance factors per branch and tree printed to iqtree_gcf_scf.cf.stat_tree
Date and Time: Mon May 18 00:28:35 2026
